ARM Linker, RVCT4.0 [Build 728] [Evaluation]

==============================================================================

Section Cross References

    aduc702x.o(STACK) refers (Special) to heapauxi.o(.text) for __use_two_region_memory
    aduc702x.o(HEAP) refers (Special) to heapauxi.o(.text) for __use_two_region_memory
    aduc702x.o(RESET) refers (Special) to heapauxi.o(.text) for __use_two_region_memory
    aduc702x.o(RESET) refers to aduc7026driver.o(.text) for Undef_Handler
    aduc702x.o(RESET) refers to aduc702x.o(STACK) for Stack_Top
    aduc702x.o(RESET) refers to __main.o(!!!main) for __main
    aduc702x.o(.text) refers (Special) to heapauxi.o(.text) for __use_two_region_memory
    aduc702x.o(.text) refers to aduc702x.o(HEAP) for Heap_Mem
    aduc702x.o(.text) refers to aduc702x.o(STACK) for Stack_Mem
    ad2s1210.o(.text) refers to aduc7026driver.o(.text) for delay
    ad2s1210test.o(.text) refers to aduc7026driver.o(.text) for ADuC7026_Initiate
    ad2s1210test.o(.text) refers to ad2s1210.o(.text) for AD2S1210Initiate
    aduc7026driver.o(.text) refers to aduc7026driver.o(.data) for IRQ
    __main.o(!!!main) refers to rtentry.o(.ARM.Collect$$rtentry$$00000000) for __rt_entry
    rtentry.o(.ARM.Collect$$rtentry$$00000000) refers (Special) to rtentry2.o(.ARM.Collect$$rtentry$$0000000A) for __rt_entry_li
    rtentry.o(.ARM.Collect$$rtentry$$00000000) refers (Special) to rtentry2.o(.ARM.Collect$$rtentry$$0000000D) for __rt_entry_main
    rtentry.o(.ARM.Collect$$rtentry$$00000000) refers (Special) to rtentry2.o(.ARM.Collect$$rtentry$$0000000C) for __rt_entry_postli_1
    rtentry.o(.ARM.Collect$$rtentry$$00000000) refers (Special) to rtentry2.o(.ARM.Collect$$rtentry$$00000009) for __rt_entry_postsh_1
    rtentry.o(.ARM.Collect$$rtentry$$00000000) refers (Special) to rtentry2.o(.ARM.Collect$$rtentry$$00000002) for __rt_entry_presh_1
    rtentry.o(.ARM.Collect$$rtentry$$00000000) refers (Special) to rtentry4.o(.ARM.Collect$$rtentry$$00000004) for __rt_entry_sh
    rtentry.o(.ARM.exidx) refers (Special) to rtentry2.o(.ARM.Collect$$rtentry$$0000000A) for __rt_entry_li
    rtentry.o(.ARM.exidx) refers (Special) to rtentry2.o(.ARM.Collect$$rtentry$$0000000D) for __rt_entry_main
    rtentry.o(.ARM.exidx) refers (Special) to rtentry2.o(.ARM.Collect$$rtentry$$0000000C) for __rt_entry_postli_1
    rtentry.o(.ARM.exidx) refers (Special) to rtentry2.o(.ARM.Collect$$rtentry$$00000009) for __rt_entry_postsh_1
    rtentry.o(.ARM.exidx) refers (Special) to rtentry2.o(.ARM.Collect$$rtentry$$00000002) for __rt_entry_presh_1
    rtentry.o(.ARM.exidx) refers (Special) to rtentry4.o(.ARM.Collect$$rtentry$$00000004) for __rt_entry_sh
    rtentry.o(.ARM.exidx) refers to rtentry.o(.ARM.Collect$$rtentry$$00000000) for .ARM.Collect$$rtentry$$00000000
    rtentry2.o(.ARM.Collect$$rtentry$$00000008) refers to boardinit2.o(.text) for _platform_post_stackheap_init
    rtentry2.o(.ARM.Collect$$rtentry$$0000000A) refers to libinit.o(.ARM.Collect$$libinit$$00000000) for __rt_lib_init
    rtentry2.o(.ARM.Collect$$rtentry$$0000000B) refers to boardinit3.o(.text) for _platform_post_lib_init
    rtentry2.o(.ARM.Collect$$rtentry$$0000000D) refers to exit.o(.text) for exit
    rtentry2.o(.ARM.Collect$$rtentry$$0000000D) refers to ad2s1210test.o(.text) for main
    rtentry2.o(.ARM.exidx) refers to rtentry2.o(.ARM.Collect$$rtentry$$00000001) for .ARM.Collect$$rtentry$$00000001
    rtentry2.o(.ARM.exidx) refers to rtentry2.o(.ARM.Collect$$rtentry$$00000002) for .ARM.Collect$$rtentry$$00000002
    rtentry2.o(.ARM.exidx) refers to rtentry2.o(.ARM.Collect$$rtentry$$00000008) for .ARM.Collect$$rtentry$$00000008
    rtentry2.o(.ARM.exidx) refers to rtentry2.o(.ARM.Collect$$rtentry$$00000009) for .ARM.Collect$$rtentry$$00000009
    rtentry2.o(.ARM.exidx) refers to rtentry2.o(.ARM.Collect$$rtentry$$0000000A) for .ARM.Collect$$rtentry$$0000000A
    rtentry2.o(.ARM.exidx) refers to rtentry2.o(.ARM.Collect$$rtentry$$0000000B) for .ARM.Collect$$rtentry$$0000000B
    rtentry2.o(.ARM.exidx) refers to rtentry2.o(.ARM.Collect$$rtentry$$0000000C) for .ARM.Collect$$rtentry$$0000000C
    rtentry2.o(.ARM.exidx) refers to rtentry2.o(.ARM.Collect$$rtentry$$0000000D) for .ARM.Collect$$rtentry$$0000000D
    rtentry4.o(.ARM.Collect$$rtentry$$00000004) refers to sys_stackheap_outer.o(.text) for __user_setup_stackheap
    rtentry4.o(.ARM.exidx) refers to rtentry4.o(.ARM.Collect$$rtentry$$00000004) for .ARM.Collect$$rtentry$$00000004
    sys_stackheap_outer.o(.text) refers to libspace.o(.text) for __user_perproc_libspace
    sys_stackheap_outer.o(.text) refers to aduc702x.o(.text) for __user_initial_stackheap
    exit.o(.text) refers to rtexit.o(.ARM.Collect$$rtexit$$00000000) for __rt_exit
    libinit.o(.ARM.Collect$$libinit$$00000000) refers (Special) to libinit2.o(.ARM.Collect$$libinit$$0000002A) for __rt_lib_init_alloca_1
    libinit.o(.ARM.Collect$$libinit$$00000000) refers (Special) to libinit2.o(.ARM.Collect$$libinit$$00000028) for __rt_lib_init_argv_1
    libinit.o(.ARM.Collect$$libinit$$00000000) refers (Special) to libinit2.o(.ARM.Collect$$libinit$$00000017) for __rt_lib_init_atexit_1
    libinit.o(.ARM.Collect$$libinit$$00000000) refers (Special) to libinit2.o(.ARM.Collect$$libinit$$0000001D) for __rt_lib_init_clock_1
    libinit.o(.ARM.Collect$$libinit$$00000000) refers (Special) to libinit2.o(.ARM.Collect$$libinit$$0000002E) for __rt_lib_init_cpp_1
    libinit.o(.ARM.Collect$$libinit$$00000000) refers (Special) to libinit2.o(.ARM.Collect$$libinit$$0000002C) for __rt_lib_init_exceptions_1
    libinit.o(.ARM.Collect$$libinit$$00000000) refers (Special) to libinit2.o(.ARM.Collect$$libinit$$0000001B) for __rt_lib_init_fp_trap_1
    libinit.o(.ARM.Collect$$libinit$$00000000) refers (Special) to libinit2.o(.ARM.Collect$$libinit$$0000001F) for __rt_lib_init_getenv_1
    libinit.o(.ARM.Collect$$libinit$$00000000) refers (Special) to libinit2.o(.ARM.Collect$$libinit$$00000006) for __rt_lib_init_heap_1
    libinit.o(.ARM.Collect$$libinit$$00000000) refers (Special) to libinit2.o(.ARM.Collect$$libinit$$0000000D) for __rt_lib_init_lc_collate_1
    libinit.o(.ARM.Collect$$libinit$$00000000) refers (Special) to libinit2.o(.ARM.Collect$$libinit$$0000000F) for __rt_lib_init_lc_ctype_1
    libinit.o(.ARM.Collect$$libinit$$00000000) refers (Special) to libinit2.o(.ARM.Collect$$libinit$$00000011) for __rt_lib_init_lc_monetary_1
    libinit.o(.ARM.Collect$$libinit$$00000000) refers (Special) to libinit2.o(.ARM.Collect$$libinit$$00000013) for __rt_lib_init_lc_numeric_1
    libinit.o(.ARM.Collect$$libinit$$00000000) refers (Special) to libinit2.o(.ARM.Collect$$libinit$$00000015) for __rt_lib_init_lc_time_1
    libinit.o(.ARM.Collect$$libinit$$00000000) refers (Special) to libinit2.o(.ARM.Collect$$libinit$$0000000A) for __rt_lib_init_rand_1
    libinit.o(.ARM.Collect$$libinit$$00000000) refers (Special) to libinit2.o(.ARM.Collect$$libinit$$0000002F) for __rt_lib_init_return
    libinit.o(.ARM.Collect$$libinit$$00000000) refers (Special) to libinit2.o(.ARM.Collect$$libinit$$00000019) for __rt_lib_init_signal_1
    libinit.o(.ARM.Collect$$libinit$$00000000) refers (Special) to libinit2.o(.ARM.Collect$$libinit$$00000021) for __rt_lib_init_stdio_1
    libinit.o(.ARM.Collect$$libinit$$00000000) refers (Special) to libinit2.o(.ARM.Collect$$libinit$$00000008) for __rt_lib_init_user_alloc_1
    libinit.o(.ARM.Collect$$libinit$$00000000) refers to fpinit.o(x$fpl$fpinit) for _fp_init
    libspace.o(.text) refers to libspace.o(.bss) for __libspace_start
    rtexit.o(.ARM.Collect$$rtexit$$00000000) refers (Special) to rtexit2.o(.ARM.Collect$$rtexit$$00000004) for __rt_exit_exit
    rtexit.o(.ARM.Collect$$rtexit$$00000000) refers (Special) to rtexit2.o(.ARM.Collect$$rtexit$$00000003) for __rt_exit_ls
    rtexit.o(.ARM.Collect$$rtexit$$00000000) refers (Special) to rtexit2.o(.ARM.Collect$$rtexit$$00000002) for __rt_exit_prels_1
    rtexit.o(.ARM.exidx) refers (Special) to rtexit2.o(.ARM.Collect$$rtexit$$00000004) for __rt_exit_exit
    rtexit.o(.ARM.exidx) refers (Special) to rtexit2.o(.ARM.Collect$$rtexit$$00000003) for __rt_exit_ls
    rtexit.o(.ARM.exidx) refers (Special) to rtexit2.o(.ARM.Collect$$rtexit$$00000002) for __rt_exit_prels_1
    rtexit.o(.ARM.exidx) refers to rtexit.o(.ARM.Collect$$rtexit$$00000000) for .ARM.Collect$$rtexit$$00000000
    libinit2.o(.ARM.Collect$$libinit$$0000000C) refers to libinit2.o(.ARM.Collect$$libinit$$0000000B) for .ARM.Collect$$libinit$$0000000B
    libinit2.o(.ARM.Collect$$libinit$$0000000E) refers to libinit2.o(.ARM.Collect$$libinit$$0000000B) for .ARM.Collect$$libinit$$0000000B
    libinit2.o(.ARM.Collect$$libinit$$00000010) refers to libinit2.o(.ARM.Collect$$libinit$$0000000B) for .ARM.Collect$$libinit$$0000000B
    libinit2.o(.ARM.Collect$$libinit$$00000012) refers to libinit2.o(.ARM.Collect$$libinit$$0000000B) for .ARM.Collect$$libinit$$0000000B
    libinit2.o(.ARM.Collect$$libinit$$00000014) refers to libinit2.o(.ARM.Collect$$libinit$$0000000B) for .ARM.Collect$$libinit$$0000000B
    libinit2.o(.ARM.Collect$$libinit$$00000022) refers to argv_veneer.o(.emb_text) for __ARM_argv_veneer
    libinit2.o(.ARM.Collect$$libinit$$00000023) refers to argv_veneer.o(.emb_text) for __ARM_argv_veneer
    fpinit.o(x$fpl$fpinit) refers to rt_fp_status_addr_intlibspace.o(.text) for __rt_fp_status_addr
    rtexit2.o(.ARM.Collect$$rtexit$$00000003) refers to libshutdown.o(.ARM.Collect$$libshutdown$$00000000) for __rt_lib_shutdown
    rtexit2.o(.ARM.Collect$$rtexit$$00000004) refers to sys_exit.o(.text) for _sys_exit
    rtexit2.o(.ARM.exidx) refers to rtexit2.o(.ARM.Collect$$rtexit$$00000001) for .ARM.Collect$$rtexit$$00000001
    rtexit2.o(.ARM.exidx) refers to rtexit2.o(.ARM.Collect$$rtexit$$00000002) for .ARM.Collect$$rtexit$$00000002
    rtexit2.o(.ARM.exidx) refers to rtexit2.o(.ARM.Collect$$rtexit$$00000003) for .ARM.Collect$$rtexit$$00000003
    rtexit2.o(.ARM.exidx) refers to rtexit2.o(.ARM.Collect$$rtexit$$00000004) for .ARM.Collect$$rtexit$$00000004
    rt_fp_status_addr.o(.text) refers to rt_fp_status_addr.o(.bss) for __rt_fp_status_addr_data
    rt_fp_status_addr_intlibspace.o(.text) refers to libspace.o(.bss) for __libspace_start
    argv_veneer.o(.emb_text) refers to no_argv.o(.text) for __ARM_get_argv
    sys_exit.o(.text) refers to use_no_semi.o(.text) for __I$use$semihosting
    _get_argv_nomalloc.o(.text) refers (Special) to hrguard.o(.text) for __heap_region$guard
    _get_argv_nomalloc.o(.text) refers to defsig_rtmem_outer.o(.text) for __rt_SIGRTMEM
    _get_argv_nomalloc.o(.text) refers to sys_command.o(.text) for _sys_command_string
    libshutdown.o(.ARM.Collect$$libshutdown$$00000000) refers (Special) to libshutdown2.o(.ARM.Collect$$libshutdown$$00000006) for __rt_lib_shutdown_fp_trap_1
    libshutdown.o(.ARM.Collect$$libshutdown$$00000000) refers (Special) to libshutdown2.o(.ARM.Collect$$libshutdown$$0000000E) for __rt_lib_shutdown_heap_1
    libshutdown.o(.ARM.Collect$$libshutdown$$00000000) refers (Special) to libshutdown2.o(.ARM.Collect$$libshutdown$$0000000F) for __rt_lib_shutdown_return
    libshutdown.o(.ARM.Collect$$libshutdown$$00000000) refers (Special) to libshutdown2.o(.ARM.Collect$$libshutdown$$00000009) for __rt_lib_shutdown_signal_1
    libshutdown.o(.ARM.Collect$$libshutdown$$00000000) refers (Special) to libshutdown2.o(.ARM.Collect$$libshutdown$$00000003) for __rt_lib_shutdown_stdio_1
    libshutdown.o(.ARM.Collect$$libshutdown$$00000000) refers (Special) to libshutdown2.o(.ARM.Collect$$libshutdown$$0000000B) for __rt_lib_shutdown_user_alloc_1
    sys_command.o(.text) refers (Special) to use_no_semi.o(.text) for __I$use$semihosting
    defsig_rtmem_outer.o(.text) refers to defsig_rtmem_inner.o(.text) for __rt_SIGRTMEM_inner
    defsig_rtmem_outer.o(.text) refers to defsig_exit.o(.text) for __sig_exit
    defsig_rtmem_formal.o(.text) refers to rt_raise.o(.text) for __rt_raise
    rt_raise.o(.text) refers to __raise.o(.text) for __raise
    rt_raise.o(.text) refers to sys_exit.o(.text) for _sys_exit
    defsig_exit.o(.text) refers to sys_exit.o(.text) for _sys_exit
    defsig_rtmem_inner.o(.text) refers to defsig_general.o(.text) for __default_signal_display
    __raise.o(.text) refers to defsig.o(CL$$defsig) for __default_signal_handler
    __raise.o(.text) refers to __raise.o(i.__ARM_common_call_via_r2) for __ARM_common_call_via_r2
    defsig_general.o(.text) refers to sys_wrch.o(.text) for _ttywrch
    sys_wrch.o(.text) refers (Special) to use_no_semi.o(.text) for __I$use$semihosting
    defsig.o(CL$$defsig) refers to defsig_rtmem_inner.o(.text) for __rt_SIGRTMEM_inner
    defsig_abrt_inner.o(.text) refers to defsig_general.o(.text) for __default_signal_display
    defsig_fpe_inner.o(.text) refers to defsig_general.o(.text) for __default_signal_display
    defsig_rtred_inner.o(.text) refers to defsig_general.o(.text) for __default_signal_display
    defsig_stak_inner.o(.text) refers to defsig_general.o(.text) for __default_signal_display
    defsig_pvfn_inner.o(.text) refers to defsig_general.o(.text) for __default_signal_display
    defsig_cppl_inner.o(.text) refers to defsig_general.o(.text) for __default_signal_display
    defsig_segv_inner.o(.text) refers to defsig_general.o(.text) for __default_signal_display
    defsig_other.o(.text) refers to defsig_general.o(.text) for __default_signal_display


==============================================================================

Removing Unused input sections from the image.

    Removing aduc702x.o(RESET), (188 bytes).

1 unused section(s) (total 188 bytes) removed from the image.

==============================================================================

Adding Veneers to the image

    Adding AT veneer (8 bytes, Inline) for call to '__rt_lib_init' from rtentry2.o(.ARM.Collect$$rtentry$$0000000A).
    Adding AT veneer (8 bytes, Inline) for call to '__rt_lib_shutdown' from rtexit2.o(.ARM.Collect$$rtexit$$00000003).
    Adding TA veneer (4 bytes, Inline) for call to '__rt_exit' from exit.o(.text).
    Adding TA veneer (4 bytes, Inline) for call to '_fp_init' from libinit.o(.ARM.Collect$$libinit$$00000000).

4 Veneer(s) (total 24 bytes) added to the image.

==============================================================================

Image Symbol Table

    Local Symbols

    Symbol Name                              Value     Ov Type        Size  Object(Section)

    ../../angel/boardlib.s                   0x00000000   Number         0  boardshut.o ABSOLUTE
    ../../angel/boardlib.s                   0x00000000   Number         0  boardinit3.o ABSOLUTE
    ../../angel/boardlib.s                   0x00000000   Number         0  boardinit1.o ABSOLUTE
    ../../angel/boardlib.s                   0x00000000   Number         0  boardinit2.o ABSOLUTE
    ../../angel/handlers.s                   0x00000000   Number         0  __scatter_copy.o ABSOLUTE
    ../../angel/handlers.s                   0x00000000   Number         0  __scatter_zi.o ABSOLUTE
    ../../angel/kernel.s                     0x00000000   Number         0  rtentry4.o ABSOLUTE
    ../../angel/kernel.s                     0x00000000   Number         0  rtentry.o ABSOLUTE
    ../../angel/kernel.s                     0x00000000   Number         0  rtexit2.o ABSOLUTE
    ../../angel/kernel.s                     0x00000000   Number         0  rtentry2.o ABSOLUTE
    ../../angel/kernel.s                     0x00000000   Number         0  rtexit.o ABSOLUTE
    ../../angel/rt.s                         0x00000000   Number         0  rt_fp_status_addr_intlibspace.o ABSOLUTE
    ../../angel/rt.s                         0x00000000   Number         0  rt_fp_status_addr.o ABSOLUTE
    ../../angel/rt.s                         0x00000000   Number         0  rt_raise.o ABSOLUTE
    ../../angel/scatter.s                    0x00000000   Number         0  __scatter.o ABSOLUTE
    ../../angel/startup.s                    0x00000000   Number         0  __main.o ABSOLUTE
    ../../angel/sys.s                        0x00000000   Number         0  sys_stackheap_outer.o ABSOLUTE
    ../../angel/sys.s                        0x00000000   Number         0  libspace.o ABSOLUTE
    ../../angel/sys.s                        0x00000000   Number         0  use_no_semi.o ABSOLUTE
    ../../angel/sys.s                        0x00000000   Number         0  sys_exit.o ABSOLUTE
    ../../angel/sysapp.c                     0x00000000   Number         0  sys_wrch.o ABSOLUTE
    ../../angel/sysapp.c                     0x00000000   Number         0  sys_command.o ABSOLUTE
    ../../armsys.c                           0x00000000   Number         0  argv_veneer.o ABSOLUTE
    ../../armsys.c                           0x00000000   Number         0  no_argv.o ABSOLUTE
    ../../armsys.c                           0x00000000   Number         0  _get_argv_nomalloc.o ABSOLUTE
    ../../armsys.c                           0x00000000   Number         0  argv_veneer.o ABSOLUTE
    ../../fpinit.s                           0x00000000   Number         0  fpinit.o ABSOLUTE
    ../../heapalloc.c                        0x00000000   Number         0  hrguard.o ABSOLUTE
    ../../heapaux.c                          0x00000000   Number         0  heapauxi.o ABSOLUTE
    ../../libinit.s                          0x00000000   Number         0  libshutdown.o ABSOLUTE
    ../../libinit.s                          0x00000000   Number         0  libinit.o ABSOLUTE
    ../../libinit.s                          0x00000000   Number         0  libshutdown2.o ABSOLUTE
    ../../libinit.s                          0x00000000   Number         0  libinit2.o ABSOLUTE
    ../../signal.c                           0x00000000   Number         0  defsig_rtmem_formal.o ABSOLUTE
    ../../signal.c                           0x00000000   Number         0  defsig_stak_inner.o ABSOLUTE
    ../../signal.c                           0x00000000   Number         0  defsig_fpe_inner.o ABSOLUTE
    ../../signal.c                           0x00000000   Number         0  defsig_abrt_inner.o ABSOLUTE
    ../../signal.c                           0x00000000   Number         0  defsig_general.o ABSOLUTE
    ../../signal.c                           0x00000000   Number         0  defsig_segv_inner.o ABSOLUTE
    ../../signal.c                           0x00000000   Number         0  defsig_rtmem_inner.o ABSOLUTE
    ../../signal.c                           0x00000000   Number         0  defsig_rtred_inner.o ABSOLUTE
    ../../signal.c                           0x00000000   Number         0  defsig_exit.o ABSOLUTE
    ../../signal.c                           0x00000000   Number         0  __raise.o ABSOLUTE
    ../../signal.c                           0x00000000   Number         0  defsig_other.o ABSOLUTE
    ../../signal.c                           0x00000000   Number         0  defsig_cppl_inner.o ABSOLUTE
    ../../signal.c                           0x00000000   Number         0  defsig_pvfn_inner.o ABSOLUTE
    ../../signal.c                           0x00000000   Number         0  defsig_rtmem_outer.o ABSOLUTE
    ../../signal.s                           0x00000000   Number         0  defsig.o ABSOLUTE
    ../../stdlib.c                           0x00000000   Number         0  exit.o ABSOLUTE
    AD2S1210.c                               0x00000000   Number         0  ad2s1210.o ABSOLUTE
    AD2S1210Test.c                           0x00000000   Number         0  ad2s1210test.o ABSOLUTE
    ADuC7026Driver.c                         0x00000000   Number         0  aduc7026driver.o ABSOLUTE
    ADuC702x.s                               0x00000000   Number         0  aduc702x.o ABSOLUTE
    dc.s                                     0x00000000   Number         0  dc.o ABSOLUTE
    .data                                    0x00010000   Section       24  aduc7026driver.o(.data)
    .bss                                     0x00010018   Section       96  libspace.o(.bss)
    HEAP                                     0x00010078   Section        0  aduc702x.o(HEAP)
    STACK                                    0x00010078   Section     1664  aduc702x.o(STACK)
    Heap_Mem                                 0x00010078   Data           0  aduc702x.o(HEAP)
    Stack_Mem                                0x00010078   Data        1024  aduc702x.o(STACK)
    Stack_Top                                0x000106f8   Data           0  aduc702x.o(STACK)
    !!!main                                  0x00080000   Section        8  __main.o(!!!main)
    !!!scatter                               0x00080008   Section       60  __scatter.o(!!!scatter)
    !!handler_copy                           0x00080044   Section       40  __scatter_copy.o(!!handler_copy)
    !!handler_zi                             0x0008006c   Section       44  __scatter_zi.o(!!handler_zi)
    .ARM.Collect$$libinit$$00000000          0x000800a0   Section        6  libinit.o(.ARM.Collect$$libinit$$00000000)
    .ARM.Collect$$libinit$$00000006          0x000800a6   Section        0  libinit2.o(.ARM.Collect$$libinit$$00000006)
    .ARM.Collect$$libinit$$00000008          0x000800a6   Section        0  libinit2.o(.ARM.Collect$$libinit$$00000008)
    .ARM.Collect$$libinit$$0000000A          0x000800a6   Section        0  libinit2.o(.ARM.Collect$$libinit$$0000000A)
    .ARM.Collect$$libinit$$0000000D          0x000800a6   Section        0  libinit2.o(.ARM.Collect$$libinit$$0000000D)
    .ARM.Collect$$libinit$$0000000F          0x000800a6   Section        0  libinit2.o(.ARM.Collect$$libinit$$0000000F)
    .ARM.Collect$$libinit$$00000011          0x000800a6   Section        0  libinit2.o(.ARM.Collect$$libinit$$00000011)
    .ARM.Collect$$libinit$$00000013          0x000800a6   Section        0  libinit2.o(.ARM.Collect$$libinit$$00000013)
    .ARM.Collect$$libinit$$00000015          0x000800a6   Section        0  libinit2.o(.ARM.Collect$$libinit$$00000015)
    .ARM.Collect$$libinit$$00000017          0x000800a6   Section        0  libinit2.o(.ARM.Collect$$libinit$$00000017)
    .ARM.Collect$$libinit$$00000019          0x000800a6   Section        0  libinit2.o(.ARM.Collect$$libinit$$00000019)
    .ARM.Collect$$libinit$$0000001B          0x000800a6   Section        0  libinit2.o(.ARM.Collect$$libinit$$0000001B)
    .ARM.Collect$$libinit$$0000001D          0x000800a6   Section        0  libinit2.o(.ARM.Collect$$libinit$$0000001D)
    .ARM.Collect$$libinit$$0000001F          0x000800a6   Section        0  libinit2.o(.ARM.Collect$$libinit$$0000001F)
    .ARM.Collect$$libinit$$00000021          0x000800a6   Section        0  libinit2.o(.ARM.Collect$$libinit$$00000021)
    .ARM.Collect$$libinit$$00000028          0x000800a6   Section        0  libinit2.o(.ARM.Collect$$libinit$$00000028)
    .ARM.Collect$$libinit$$0000002A          0x000800a6   Section        0  libinit2.o(.ARM.Collect$$libinit$$0000002A)
    .ARM.Collect$$libinit$$0000002C          0x000800a6   Section        0  libinit2.o(.ARM.Collect$$libinit$$0000002C)
    .ARM.Collect$$libinit$$0000002E          0x000800a6   Section        0  libinit2.o(.ARM.Collect$$libinit$$0000002E)
    .ARM.Collect$$libinit$$0000002F          0x000800a6   Section       12  libinit2.o(.ARM.Collect$$libinit$$0000002F)
    .ARM.Collect$$libshutdown$$00000000      0x000800bc   Section        4  libshutdown.o(.ARM.Collect$$libshutdown$$00000000)
    .ARM.Collect$$libshutdown$$00000003      0x000800c0   Section        0  libshutdown2.o(.ARM.Collect$$libshutdown$$00000003)
    .ARM.Collect$$libshutdown$$00000006      0x000800c0   Section        0  libshutdown2.o(.ARM.Collect$$libshutdown$$00000006)
    .ARM.Collect$$libshutdown$$00000009      0x000800c0   Section        0  libshutdown2.o(.ARM.Collect$$libshutdown$$00000009)
    .ARM.Collect$$libshutdown$$0000000B      0x000800c0   Section        0  libshutdown2.o(.ARM.Collect$$libshutdown$$0000000B)
    .ARM.Collect$$libshutdown$$0000000E      0x000800c0   Section        0  libshutdown2.o(.ARM.Collect$$libshutdown$$0000000E)
    .ARM.Collect$$libshutdown$$0000000F      0x000800c0   Section        6  libshutdown2.o(.ARM.Collect$$libshutdown$$0000000F)
    .ARM.Collect$$rtentry$$00000000          0x000800c8   Section        0  rtentry.o(.ARM.Collect$$rtentry$$00000000)
    .ARM.Collect$$rtentry$$00000002          0x000800c8   Section        0  rtentry2.o(.ARM.Collect$$rtentry$$00000002)
    .ARM.Collect$$rtentry$$00000004          0x000800c8   Section        8  rtentry4.o(.ARM.Collect$$rtentry$$00000004)
    .ARM.Collect$$rtentry$$00000009          0x000800d0   Section        0  rtentry2.o(.ARM.Collect$$rtentry$$00000009)
    .ARM.Collect$$rtentry$$0000000A          0x000800d0   Section        4  rtentry2.o(.ARM.Collect$$rtentry$$0000000A)
    .ARM.Collect$$rtentry$$0000000C          0x000800d4   Section        0  rtentry2.o(.ARM.Collect$$rtentry$$0000000C)
    .ARM.Collect$$rtentry$$0000000D          0x000800d4   Section       40  rtentry2.o(.ARM.Collect$$rtentry$$0000000D)
    .ARM.Collect$$rtexit$$00000000           0x00080100   Section        4  rtexit.o(.ARM.Collect$$rtexit$$00000000)
    .ARM.Collect$$rtexit$$00000002           0x00080104   Section        0  rtexit2.o(.ARM.Collect$$rtexit$$00000002)
    .ARM.Collect$$rtexit$$00000003           0x00080104   Section        4  rtexit2.o(.ARM.Collect$$rtexit$$00000003)
    .ARM.Collect$$rtexit$$00000004           0x00080108   Section        8  rtexit2.o(.ARM.Collect$$rtexit$$00000004)
    .text                                    0x00080110   Section       32  aduc702x.o(.text)
    .text                                    0x00080130   Section        0  ad2s1210.o(.text)
    .text                                    0x00080704   Section        0  ad2s1210test.o(.text)
    .text                                    0x000807a0   Section        0  aduc7026driver.o(.text)
    .text                                    0x00080aec   Section        0  heapauxi.o(.text)
    .text                                    0x00080af4   Section       96  sys_stackheap_outer.o(.text)
    .text                                    0x00080b54   Section        0  exit.o(.text)
    .text                                    0x00080b60   Section       12  libspace.o(.text)
    .text                                    0x00080b6c   Section       16  rt_fp_status_addr_intlibspace.o(.text)
    .text                                    0x00080b7c   Section       24  sys_exit.o(.text)
    .text                                    0x00080b94   Section        4  use_no_semi.o(.text)
    x$fpl$fpinit                             0x00080b9c   Section       24  fpinit.o(x$fpl$fpinit)

    Global Symbols

    Symbol Name                              Value     Ov Type        Size  Object(Section)

    BuildAttributes$$THM_ISAv1$ARM_ISAv4$S$PE$A:L22$X:L11$S22$IEEE1$IW$USESV6$~STKCKD$USESV7$~SHL$OSPACE$ROPI$EBA8$UX$STANDARDLIB$REQ8$PRES8$EABIv2 0x00000000   Number         0  anon$$obj.o ABSOLUTE
    __ARM_use_no_argv                        0x00000000   Number         0  ad2s1210test.o ABSOLUTE
    __ARM_exceptions_init                     - Undefined Weak Reference
    __alloca_initialize                       - Undefined Weak Reference
    __cpp_initialize__aeabi_                  - Undefined Weak Reference
    __cxa_finalize                            - Undefined Weak Reference
    __rt_locale                               - Undefined Weak Reference
    __sigvec_lookup                           - Undefined Weak Reference
    _atexit_init                              - Undefined Weak Reference
    _call_atexit_fns                          - Undefined Weak Reference
    _clock_init                               - Undefined Weak Reference
    _fp_trap_init                             - Undefined Weak Reference
    _fp_trap_shutdown                         - Undefined Weak Reference
    _get_lc_collate                           - Undefined Weak Reference
    _get_lc_ctype                             - Undefined Weak Reference
    _get_lc_monetary                          - Undefined Weak Reference
    _get_lc_numeric                           - Undefined Weak Reference
    _get_lc_time                              - Undefined Weak Reference
    _getenv_init                              - Undefined Weak Reference
    _handle_redirection                       - Undefined Weak Reference
    _init_alloc                               - Undefined Weak Reference
    _init_user_alloc                          - Undefined Weak Reference
    _initio                                   - Undefined Weak Reference
    _rand_init                                - Undefined Weak Reference
    _signal_finish                            - Undefined Weak Reference
    _signal_init                              - Undefined Weak Reference
    _terminate_alloc                          - Undefined Weak Reference
    _terminate_user_alloc                     - Undefined Weak Reference
    _terminateio                              - Undefined Weak Reference
    IRQ                                      0x00010000   Data           4  aduc7026driver.o(.data)
    SWI                                      0x00010004   Data           4  aduc7026driver.o(.data)
    FIQ                                      0x00010008   Data           4  aduc7026driver.o(.data)
    UNDEF                                    0x0001000c   Data           4  aduc7026driver.o(.data)
    PABORT                                   0x00010010   Data           4  aduc7026driver.o(.data)
    DABORT                                   0x00010014   Data           4  aduc7026driver.o(.data)
    __libspace_start                         0x00010018   Data          96  libspace.o(.bss)
    __temporary_stack_top$libspace           0x00010078   Data           0  libspace.o(.bss)
    __main                                   0x00080000   ARM Code       8  __main.o(!!!main)
    __scatterload                            0x00080008   ARM Code       0  __scatter.o(!!!scatter)
    __scatterload_rt2                        0x00080008   ARM Code      52  __scatter.o(!!!scatter)
    __scatterload_null                       0x0008001c   ARM Code       0  __scatter.o(!!!scatter)
    __scatterload_copy                       0x00080044   ARM Code      40  __scatter_copy.o(!!handler_copy)
    __scatterload_zeroinit                   0x0008006c   ARM Code      44  __scatter_zi.o(!!handler_zi)
    Inline ARM to Thumb Veneer to __rt_lib_init 0x00080098   ARM Code       8  libinit.o(.ARM.Collect$$libinit$$00000000)
    __rt_lib_init                            0x000800a1   Thumb Code     0  libinit.o(.ARM.Collect$$libinit$$00000000)
    __rt_lib_init_alloca_1                   0x000800a7   Thumb Code     0  libinit2.o(.ARM.Collect$$libinit$$0000002A)
    __rt_lib_init_argv_1                     0x000800a7   Thumb Code     0  libinit2.o(.ARM.Collect$$libinit$$00000028)
    __rt_lib_init_atexit_1                   0x000800a7   Thumb Code     0  libinit2.o(.ARM.Collect$$libinit$$00000017)
    __rt_lib_init_clock_1                    0x000800a7   Thumb Code     0  libinit2.o(.ARM.Collect$$libinit$$0000001D)
    __rt_lib_init_cpp_1                      0x000800a7   Thumb Code     0  libinit2.o(.ARM.Collect$$libinit$$0000002E)
    __rt_lib_init_exceptions_1               0x000800a7   Thumb Code     0  libinit2.o(.ARM.Collect$$libinit$$0000002C)
    __rt_lib_init_fp_trap_1                  0x000800a7   Thumb Code     0  libinit2.o(.ARM.Collect$$libinit$$0000001B)
    __rt_lib_init_getenv_1                   0x000800a7   Thumb Code     0  libinit2.o(.ARM.Collect$$libinit$$0000001F)
    __rt_lib_init_heap_1                     0x000800a7   Thumb Code     0  libinit2.o(.ARM.Collect$$libinit$$00000006)
    __rt_lib_init_lc_collate_1               0x000800a7   Thumb Code     0  libinit2.o(.ARM.Collect$$libinit$$0000000D)
    __rt_lib_init_lc_ctype_1                 0x000800a7   Thumb Code     0  libinit2.o(.ARM.Collect$$libinit$$0000000F)
    __rt_lib_init_lc_monetary_1              0x000800a7   Thumb Code     0  libinit2.o(.ARM.Collect$$libinit$$00000011)
    __rt_lib_init_lc_numeric_1               0x000800a7   Thumb Code     0  libinit2.o(.ARM.Collect$$libinit$$00000013)
    __rt_lib_init_lc_time_1                  0x000800a7   Thumb Code     0  libinit2.o(.ARM.Collect$$libinit$$00000015)
    __rt_lib_init_rand_1                     0x000800a7   Thumb Code     0  libinit2.o(.ARM.Collect$$libinit$$0000000A)
    __rt_lib_init_return                     0x000800a7   Thumb Code     0  libinit2.o(.ARM.Collect$$libinit$$0000002F)
    __rt_lib_init_signal_1                   0x000800a7   Thumb Code     0  libinit2.o(.ARM.Collect$$libinit$$00000019)
    __rt_lib_init_stdio_1                    0x000800a7   Thumb Code     0  libinit2.o(.ARM.Collect$$libinit$$00000021)
    __rt_lib_init_user_alloc_1               0x000800a7   Thumb Code     0  libinit2.o(.ARM.Collect$$libinit$$00000008)
    Inline ARM to Thumb Veneer to __rt_lib_shutdown 0x000800b4   ARM Code       8  libshutdown.o(.ARM.Collect$$libshutdown$$00000000)
    __rt_lib_shutdown                        0x000800bd   Thumb Code     0  libshutdown.o(.ARM.Collect$$libshutdown$$00000000)
    __rt_lib_shutdown_fp_trap_1              0x000800c1   Thumb Code     0  libshutdown2.o(.ARM.Collect$$libshutdown$$00000006)
    __rt_lib_shutdown_heap_1                 0x000800c1   Thumb Code     0  libshutdown2.o(.ARM.Collect$$libshutdown$$0000000E)
    __rt_lib_shutdown_return                 0x000800c1   Thumb Code     0  libshutdown2.o(.ARM.Collect$$libshutdown$$0000000F)
    __rt_lib_shutdown_signal_1               0x000800c1   Thumb Code     0  libshutdown2.o(.ARM.Collect$$libshutdown$$00000009)
    __rt_lib_shutdown_stdio_1                0x000800c1   Thumb Code     0  libshutdown2.o(.ARM.Collect$$libshutdown$$00000003)
    __rt_lib_shutdown_user_alloc_1           0x000800c1   Thumb Code     0  libshutdown2.o(.ARM.Collect$$libshutdown$$0000000B)
    __rt_entry                               0x000800c8   ARM Code       0  rtentry.o(.ARM.Collect$$rtentry$$00000000)
    __rt_entry_presh_1                       0x000800c8   ARM Code       0  rtentry2.o(.ARM.Collect$$rtentry$$00000002)
    __rt_entry_sh                            0x000800c8   ARM Code       0  rtentry4.o(.ARM.Collect$$rtentry$$00000004)
    __rt_entry_li                            0x000800d0   ARM Code       0  rtentry2.o(.ARM.Collect$$rtentry$$0000000A)
    __rt_entry_postsh_1                      0x000800d0   ARM Code       0  rtentry2.o(.ARM.Collect$$rtentry$$00000009)
    __rt_entry_main                          0x000800d4   ARM Code       0  rtentry2.o(.ARM.Collect$$rtentry$$0000000D)
    __rt_entry_postli_1                      0x000800d4   ARM Code       0  rtentry2.o(.ARM.Collect$$rtentry$$0000000C)
    Inline Thumb to ARM Veneer to __rt_exit  0x000800fd   Thumb Code     4  rtexit.o(.ARM.Collect$$rtexit$$00000000)
    __rt_exit                                0x00080100   ARM Code       0  rtexit.o(.ARM.Collect$$rtexit$$00000000)
    __rt_exit_ls                             0x00080104   ARM Code       0  rtexit2.o(.ARM.Collect$$rtexit$$00000003)
    __rt_exit_prels_1                        0x00080104   ARM Code       0  rtexit2.o(.ARM.Collect$$rtexit$$00000002)
    __rt_exit_exit                           0x00080108   ARM Code       0  rtexit2.o(.ARM.Collect$$rtexit$$00000004)
    __user_initial_stackheap                 0x00080110   ARM Code       0  aduc702x.o(.text)
    AD2S1210Initiate                         0x00080130   ARM Code     132  ad2s1210.o(.text)
    AD2S1210SelectMode                       0x000801b4   ARM Code     180  ad2s1210.o(.text)
    WriteToAD2S1210                          0x00080268   ARM Code     424  ad2s1210.o(.text)
    ReadFromAD2S1210                         0x00080410   ARM Code     716  ad2s1210.o(.text)
    AD2S1210SoftReset                        0x000806dc   ARM Code      40  ad2s1210.o(.text)
    main                                     0x00080704   ARM Code     156  ad2s1210test.o(.text)
    IRQ_Handler                              0x000807a0   ARM Code      44  aduc7026driver.o(.text)
    FIQ_Handler                              0x000807cc   ARM Code      44  aduc7026driver.o(.text)
    SWI_Handler                              0x000807f8   ARM Code      44  aduc7026driver.o(.text)
    Undef_Handler                            0x00080824   ARM Code      44  aduc7026driver.o(.text)
    PAbt_Handler                             0x00080850   ARM Code      44  aduc7026driver.o(.text)
    DAbt_Handler                             0x0008087c   ARM Code      44  aduc7026driver.o(.text)
    ADuC7026_Initiate                        0x000808a8   ARM Code     116  aduc7026driver.o(.text)
    delay                                    0x0008091c   ARM Code      20  aduc7026driver.o(.text)
    putchar                                  0x00080930   ARM Code      36  aduc7026driver.o(.text)
    SPIWrite                                 0x00080954   ARM Code     204  aduc7026driver.o(.text)
    SPIRead                                  0x00080a20   ARM Code     176  aduc7026driver.o(.text)
    __use_two_region_memory                  0x00080aed   Thumb Code     2  heapauxi.o(.text)
    __rt_heap_escrow$2region                 0x00080aef   Thumb Code     2  heapauxi.o(.text)
    __rt_heap_expand$2region                 0x00080af1   Thumb Code     2  heapauxi.o(.text)
    __user_setup_stackheap                   0x00080af4   ARM Code      96  sys_stackheap_outer.o(.text)
    exit                                     0x00080b55   Thumb Code    12  exit.o(.text)
    __user_libspace                          0x00080b60   ARM Code      12  libspace.o(.text)
    __user_perproc_libspace                  0x00080b60   ARM Code       0  libspace.o(.text)
    __user_perthread_libspace                0x00080b60   ARM Code       0  libspace.o(.text)
    __rt_fp_status_addr                      0x00080b6c   ARM Code      16  rt_fp_status_addr_intlibspace.o(.text)
    _sys_exit                                0x00080b7c   ARM Code      20  sys_exit.o(.text)
    __I$use$semihosting                      0x00080b94   ARM Code       0  use_no_semi.o(.text)
    __use_no_semihosting_swi                 0x00080b94   ARM Code       4  use_no_semi.o(.text)
    Inline Thumb to ARM Veneer to _fp_init   0x00080b99   Thumb Code     4  fpinit.o(x$fpl$fpinit)
    _fp_init                                 0x00080b9c   ARM Code      24  fpinit.o(x$fpl$fpinit)
    __fplib_config_pureend_doubles           0x00080bac   ARM Code       0  fpinit.o(x$fpl$fpinit)
    Region$$Table$$Base                      0x00080bb4   Number         0  anon$$obj.o(Region$$Table)
    Region$$Table$$Limit                     0x00080bd4   Number         0  anon$$obj.o(Region$$Table)



==============================================================================

Memory Map of the image

  Image Entry point : 0x00080000

  Load Region LR_1 (Base: 0x00080000, Size: 0x00000bec, Max: 0xffffffff, ABSOLUTE)

    Execution Region ER_RO (Base: 0x00080000, Size: 0x00000bd4, Max: 0xffffffff, ABSOLUTE)

    Base Addr    Size         Type   Attr      Idx    E Section Name        Object

    0x00080000   0x00000008   Code   RO           95  * !!!main             __main.o(c_t.l)
    0x00080008   0x0000003c   Code   RO          259    !!!scatter          __scatter.o(c_t.l)
    0x00080044   0x00000028   Code   RO          261    !!handler_copy      __scatter_copy.o(c_t.l)
    0x0008006c   0x0000002c   Code   RO          263    !!handler_zi        __scatter_zi.o(c_t.l)
    0x00080098   0x00000008   Ven    RO          127    .ARM.Collect$$libinit$$00000000  libinit.o(c_t.l)
    0x000800a0   0x00000006   Code   RO          127    .ARM.Collect$$libinit$$00000000  libinit.o(c_t.l)
    0x000800a6   0x00000000   Code   RO          135    .ARM.Collect$$libinit$$00000006  libinit2.o(c_t.l)
    0x000800a6   0x00000000   Code   RO          137    .ARM.Collect$$libinit$$00000008  libinit2.o(c_t.l)
    0x000800a6   0x00000000   Code   RO          139    .ARM.Collect$$libinit$$0000000A  libinit2.o(c_t.l)
    0x000800a6   0x00000000   Code   RO          142    .ARM.Collect$$libinit$$0000000D  libinit2.o(c_t.l)
    0x000800a6   0x00000000   Code   RO          144    .ARM.Collect$$libinit$$0000000F  libinit2.o(c_t.l)
    0x000800a6   0x00000000   Code   RO          146    .ARM.Collect$$libinit$$00000011  libinit2.o(c_t.l)
    0x000800a6   0x00000000   Code   RO          148    .ARM.Collect$$libinit$$00000013  libinit2.o(c_t.l)
    0x000800a6   0x00000000   Code   RO          150    .ARM.Collect$$libinit$$00000015  libinit2.o(c_t.l)
    0x000800a6   0x00000000   Code   RO          152    .ARM.Collect$$libinit$$00000017  libinit2.o(c_t.l)
    0x000800a6   0x00000000   Code   RO          154    .ARM.Collect$$libinit$$00000019  libinit2.o(c_t.l)
    0x000800a6   0x00000000   Code   RO          156    .ARM.Collect$$libinit$$0000001B  libinit2.o(c_t.l)
    0x000800a6   0x00000000   Code   RO          158    .ARM.Collect$$libinit$$0000001D  libinit2.o(c_t.l)
    0x000800a6   0x00000000   Code   RO          160    .ARM.Collect$$libinit$$0000001F  libinit2.o(c_t.l)
    0x000800a6   0x00000000   Code   RO          162    .ARM.Collect$$libinit$$00000021  libinit2.o(c_t.l)
    0x000800a6   0x00000000   Code   RO          166    .ARM.Collect$$libinit$$00000028  libinit2.o(c_t.l)
    0x000800a6   0x00000000   Code   RO          168    .ARM.Collect$$libinit$$0000002A  libinit2.o(c_t.l)
    0x000800a6   0x00000000   Code   RO          170    .ARM.Collect$$libinit$$0000002C  libinit2.o(c_t.l)
    0x000800a6   0x00000000   Code   RO          172    .ARM.Collect$$libinit$$0000002E  libinit2.o(c_t.l)
    0x000800a6   0x0000000c   Code   RO          173    .ARM.Collect$$libinit$$0000002F  libinit2.o(c_t.l)
    0x000800b2   0x00000002   PAD
    0x000800b4   0x00000008   Ven    RO          199    .ARM.Collect$$libshutdown$$00000000  libshutdown.o(c_t.l)
    0x000800bc   0x00000004   Code   RO          199    .ARM.Collect$$libshutdown$$00000000  libshutdown.o(c_t.l)
    0x000800c0   0x00000000   Code   RO          212    .ARM.Collect$$libshutdown$$00000003  libshutdown2.o(c_t.l)
    0x000800c0   0x00000000   Code   RO          215    .ARM.Collect$$libshutdown$$00000006  libshutdown2.o(c_t.l)
    0x000800c0   0x00000000   Code   RO          218    .ARM.Collect$$libshutdown$$00000009  libshutdown2.o(c_t.l)
    0x000800c0   0x00000000   Code   RO          220    .ARM.Collect$$libshutdown$$0000000B  libshutdown2.o(c_t.l)
    0x000800c0   0x00000000   Code   RO          223    .ARM.Collect$$libshutdown$$0000000E  libshutdown2.o(c_t.l)
    0x000800c0   0x00000006   Code   RO          224    .ARM.Collect$$libshutdown$$0000000F  libshutdown2.o(c_t.l)
    0x000800c6   0x00000002   PAD
    0x000800c8   0x00000000   Code   RO           97    .ARM.Collect$$rtentry$$00000000  rtentry.o(c_t.l)
    0x000800c8   0x00000000   Code   RO          100    .ARM.Collect$$rtentry$$00000002  rtentry2.o(c_t.l)
    0x000800c8   0x00000008   Code   RO          115    .ARM.Collect$$rtentry$$00000004  rtentry4.o(c_t.l)
    0x000800d0   0x00000000   Code   RO          102    .ARM.Collect$$rtentry$$00000009  rtentry2.o(c_t.l)
    0x000800d0   0x00000004   Code   RO          103    .ARM.Collect$$rtentry$$0000000A  rtentry2.o(c_t.l)
    0x000800d4   0x00000000   Code   RO          105    .ARM.Collect$$rtentry$$0000000C  rtentry2.o(c_t.l)
    0x000800d4   0x00000028   Code   RO          106    .ARM.Collect$$rtentry$$0000000D  rtentry2.o(c_t.l)
    0x000800fc   0x00000004   Ven    RO          131    .ARM.Collect$$rtexit$$00000000  rtexit.o(c_t.l)
    0x00080100   0x00000004   Code   RO          131    .ARM.Collect$$rtexit$$00000000  rtexit.o(c_t.l)
    0x00080104   0x00000000   Code   RO          177    .ARM.Collect$$rtexit$$00000002  rtexit2.o(c_t.l)
    0x00080104   0x00000004   Code   RO          178    .ARM.Collect$$rtexit$$00000003  rtexit2.o(c_t.l)
    0x00080108   0x00000008   Code   RO          179    .ARM.Collect$$rtexit$$00000004  rtexit2.o(c_t.l)
    0x00080110   0x00000020   Code   RO            4    .text               aduc702x.o
    0x00080130   0x000005d4   Code   RO           11    .text               ad2s1210.o
    0x00080704   0x0000009c   Code   RO           61    .text               ad2s1210test.o
    0x000807a0   0x0000034c   Code   RO           73    .text               aduc7026driver.o
    0x00080aec   0x00000006   Code   RO           93    .text               heapauxi.o(c_t.l)
    0x00080af2   0x00000002   PAD
    0x00080af4   0x00000060   Code   RO          117    .text               sys_stackheap_outer.o(c_t.l)
    0x00080b54   0x0000000c   Code   RO          119    .text               exit.o(c_t.l)
    0x00080b60   0x0000000c   Code   RO          128    .text               libspace.o(c_t.l)
    0x00080b6c   0x00000010   Code   RO          187    .text               rt_fp_status_addr_intlibspace.o(c_t.l)
    0x00080b7c   0x00000018   Code   RO          191    .text               sys_exit.o(c_t.l)
    0x00080b94   0x00000004   Code   RO          202    .text               use_no_semi.o(c_t.l)
    0x00080b98   0x00000004   Ven    RO          174    x$fpl$fpinit        fpinit.o(fz_ts.l)
    0x00080b9c   0x00000018   Code   RO          174    x$fpl$fpinit        fpinit.o(fz_ts.l)
    0x00080bb4   0x00000020   Data   RO          257    Region$$Table       anon$$obj.o


    Execution Region ER_RW (Base: 0x00010000, Size: 0x00000018, Max: 0xffffffff, ABSOLUTE)

    Base Addr    Size         Type   Attr      Idx    E Section Name        Object

    0x00010000   0x00000018   Data   RW           74    .data               aduc7026driver.o


    Execution Region ER_ZI (Base: 0x00010018, Size: 0x000006e0, Max: 0xffffffff, ABSOLUTE)

    Base Addr    Size         Type   Attr      Idx    E Section Name        Object

    0x00010018   0x00000060   Zero   RW          129    .bss                libspace.o(c_t.l)
    0x00010078   0x00000000   Zero   RW            2    HEAP                aduc702x.o
    0x00010078   0x00000680   Zero   RW            1    STACK               aduc702x.o


==============================================================================

Image component sizes


      Code (inc. data)   RO Data    RW Data    ZI Data      Debug   Object Name

      1492          0          0          0          0       3133   ad2s1210.o
       156          0          0          0          0        491   ad2s1210test.o
       844         28          0         24          0       5181   aduc7026driver.o
        32         12          0          0       1664        208   aduc702x.o

    ----------------------------------------------------------------------
      2524         40         32         24       1664       9013   Object Totals
         0          0         32          0          0          0   (incl. Generated)
         0          0          0          0          0          1   (incl. Padding)

    ----------------------------------------------------------------------

      Code (inc. data)   RO Data    RW Data    ZI Data      Debug   Library Member Name

         8          0          0          0          0         68   __main.o
        60          8          0          0          0          0   __scatter.o
        40          0          0          0          0          0   __scatter_copy.o
        44          0          0          0          0          0   __scatter_zi.o
        12          0          0          0          0         60   exit.o
        28          0          0          0          0         80   fpinit.o
         6          0          0          0          0        132   heapauxi.o
        14          0          0          0          0          0   libinit.o
        12          0          0          0          0          0   libinit2.o
        12          0          0          0          0          0   libshutdown.o
         6          0          0          0          0          0   libshutdown2.o
        12          4          0          0         96         68   libspace.o
        16          4          0          0          0         68   rt_fp_status_addr_intlibspace.o
         0          0          0          0          0          0   rtentry.o
        44          4          0          0          0          0   rtentry2.o
         8          0          0          0          0          0   rtentry4.o
         8          0          0          0          0          0   rtexit.o
        12          0          0          0          0          0   rtexit2.o
        24          8          0          0          0         68   sys_exit.o
        96          0          0          0          0         80   sys_stackheap_outer.o
         4          0          0          0          0         68   use_no_semi.o

    ----------------------------------------------------------------------
       472         28          0          0         96        692   Library Totals
         6          0          0          0          0          0   (incl. Padding)

    ----------------------------------------------------------------------

      Code (inc. data)   RO Data    RW Data    ZI Data      Debug   Library Name

       438         28          0          0         96        612   c_t.l
        28          0          0          0          0         80   fz_ts.l

    ----------------------------------------------------------------------
       472         28          0          0         96        692   Library Totals

    ----------------------------------------------------------------------

==============================================================================


      Code (inc. data)   RO Data    RW Data    ZI Data      Debug   

      2996         68         32         24       1760       9264   Grand Totals
      2996         68         32         24       1760       9264   ELF Image Totals
      2996         68         32         24          0          0   ROM Totals

==============================================================================

    Total RO  Size (Code + RO Data)                 3028 (   2.96kB)
    Total RW  Size (RW Data + ZI Data)              1784 (   1.74kB)
    Total ROM Size (Code + RO Data + RW Data)       3052 (   2.98kB)

==============================================================================

